// Jest Snapshot v1, https://goo.gl/fbAQLP

exports[`Joke renders properly 1`] = `[Function]`;
