// Jest Snapshot v1, https://goo.gl/fbAQLP

exports[`Sign-Up renders properly 1`] = `[Function]`;
